[limpidthemes.com/Themeforest/cruise-demo/light/index.html]
[backblue.gif]
[fade.gif]
[index.html]
[limpidthemes.com/Themeforest/cruise-demo/light/assets/css/dummy.8.delayed]
[limpidthemes.com/Themeforest/cruise-demo/light/assets/images/user.jpg]
[limpidthemes.com/Themeforest/cruise-demo/light/index-2.html]
[limpidthemes.com/Themeforest/cruise-demo/light/index-3.html]
[limpidthemes.com/Themeforest/cruise-demo/light/index-4.html]
[limpidthemes.com/Themeforest/cruise-demo/light/index-5.html]
[limpidthemes.com/Themeforest/cruise-demo/light/hotel.html]
[limpidthemes.com/Themeforest/cruise-demo/light/hotel-list.html]
[limpidthemes.com/Themeforest/cruise-demo/light/hotel-grid.html]
[limpidthemes.com/Themeforest/cruise-demo/light/hotel-booking.html]
[limpidthemes.com/Themeforest/cruise-demo/light/hotel-booking-2.html]
[limpidthemes.com/Themeforest/cruise-demo/light/hotel-detailed-3.html]
[limpidthemes.com/Themeforest/cruise-demo/light/hotel-detailed.html]
[limpidthemes.com/Themeforest/cruise-demo/light/assets/images/tour3.jpg]
[limpidthemes.com/Themeforest/cruise-demo/light/assets/images/tour1.jpg]
[limpidthemes.com/Themeforest/cruise-demo/light/flight.html]
[limpidthemes.com/Themeforest/cruise-demo/light/flight-list-2.html]
[limpidthemes.com/Themeforest/cruise-demo/light/flight-list.html]
[limpidthemes.com/Themeforest/cruise-demo/light/flight-booking.html]
[limpidthemes.com/Themeforest/cruise-demo/light/assets/images/tour2.jpg]
[limpidthemes.com/Themeforest/cruise-demo/light/holiday.html]
[limpidthemes.com/Themeforest/cruise-demo/light/holidays-list.html]
[limpidthemes.com/Themeforest/cruise-demo/light/holidays-grid.html]
[limpidthemes.com/Themeforest/cruise-demo/light/holidays-grid-2.html]
[limpidthemes.com/Themeforest/cruise-demo/light/holiday-detail-2.html]
[limpidthemes.com/Themeforest/cruise-demo/light/holiday-detail.html]
[limpidthemes.com/Themeforest/cruise-demo/light/holiday-booking.html]
[limpidthemes.com/Themeforest/cruise-demo/light/holiday-booking-2.html]
[limpidthemes.com/Themeforest/cruise-demo/light/car.html]
[limpidthemes.com/Themeforest/cruise-demo/light/car-grid-3.html]
[limpidthemes.com/Themeforest/cruise-demo/light/car-list.html]
[limpidthemes.com/Themeforest/cruise-demo/light/car-detailed-2.html]
[limpidthemes.com/Themeforest/cruise-demo/light/car-detailed.html]
[limpidthemes.com/Themeforest/cruise-demo/light/cruise.html]
[limpidthemes.com/Themeforest/cruise-demo/light/cruise-list.html]
[limpidthemes.com/Themeforest/cruise-demo/light/cruise-detail-2.html]
[limpidthemes.com/Themeforest/cruise-demo/light/cruise-detail.html]
[limpidthemes.com/Themeforest/cruise-demo/light/blog-right-sidebar.html]
[limpidthemes.com/Themeforest/cruise-demo/light/blog-left-sidebar.html]
[limpidthemes.com/Themeforest/cruise-demo/light/blog-full-width.html]
[limpidthemes.com/Themeforest/cruise-demo/light/single-right-sidebar.html]
[limpidthemes.com/Themeforest/cruise-demo/light/single-left-sidebar.html]
[limpidthemes.com/Themeforest/cruise-demo/light/single-full-width.html]
[limpidthemes.com/Themeforest/cruise-demo/light/coming-soon.html]
[limpidthemes.com/Themeforest/cruise-demo/light/404.html]
[limpidthemes.com/Themeforest/cruise-demo/light/404-2.html]
[limpidthemes.com/Themeforest/cruise-demo/light/loading.html]
[limpidthemes.com/Themeforest/cruise-demo/light/login.html]
[limpidthemes.com/Themeforest/cruise-demo/light/elements.html]
[limpidthemes.com/Themeforest/cruise-demo/light/thank-you.html]
[limpidthemes.com/Themeforest/cruise-demo/light/user-profile.html]
[limpidthemes.com/Themeforest/cruise-demo/light/gallery-3column.html]
[limpidthemes.com/Themeforest/cruise-demo/light/gallery-4column.html]
[limpidthemes.com/Themeforest/cruise-demo/light/about-us.html]
[limpidthemes.com/Themeforest/cruise-demo/light/contact-us.html]
[limpidthemes.com/Themeforest/cruise-demo/light/assets/images/tripadvisor.png]
[limpidthemes.com/Themeforest/cruise-demo/light/assets/images/tour12.jpg]
[limpidthemes.com/Themeforest/cruise-demo/light/assets/images/tour11.jpg]
[limpidthemes.com/Themeforest/cruise-demo/light/assets/images/home31.jpg]
[limpidthemes.com/Themeforest/cruise-demo/light/assets/images/tour5.jpg]
[limpidthemes.com/Themeforest/cruise-demo/light/assets/images/offer1.jpg]
[limpidthemes.com/Themeforest/cruise-demo/light/assets/images/offer2.jpg]
[limpidthemes.com/Themeforest/cruise-demo/light/assets/images/offer3.jpg]
[limpidthemes.com/Themeforest/cruise-demo/light/assets/images/offer4.jpg]
[limpidthemes.com/Themeforest/cruise-demo/light/assets/images/tour4.jpg]
[limpidthemes.com/Themeforest/cruise-demo/light/assets/images/tour6.jpg]
[limpidthemes.com/Themeforest/cruise-demo/light/assets/images/tour7.jpg]
[limpidthemes.com/Themeforest/cruise-demo/light/assets/images/tour8.jpg]
[limpidthemes.com/Themeforest/cruise-demo/light/assets/images/card/mastercard.png]
[limpidthemes.com/Themeforest/cruise-demo/light/assets/images/card/visa.png]
[limpidthemes.com/Themeforest/cruise-demo/light/assets/images/card/american-express.png]
[limpidthemes.com/Themeforest/cruise-demo/light/assets/js/respond.js]
[limpidthemes.com/Themeforest/cruise-demo/light/assets/js/jquery.js]
[limpidthemes.com/Themeforest/cruise-demo/light/assets/plugins/owl.carousel.min.js]
[limpidthemes.com/Themeforest/cruise-demo/light/assets/js/bootstrap.min.js]
[limpidthemes.com/Themeforest/cruise-demo/light/assets/js/jquery-ui.min.js]
[limpidthemes.com/Themeforest/cruise-demo/light/assets/js/bootstrap-select.min.js]
[limpidthemes.com/Themeforest/cruise-demo/light/assets/plugins/wow.min.js]
[limpidthemes.com/Themeforest/cruise-demo/light/assets/plugins/supersized.3.1.3.min.js]
[limpidthemes.com/Themeforest/cruise-demo/light/assets/js/js.js]
[www.google-analytics.com/analytics.js]
[limpidthemes.com/Themeforest/cruise-demo/light/index.html]
[limpidthemes.com/Themeforest/cruise-demo/light/assets/css/animate.min.css]
[limpidthemes.com/Themeforest/cruise-demo/light/assets/css/bootstrap-select.min.css]
[limpidthemes.com/Themeforest/cruise-demo/light/assets/css/owl.video.play.png]
[limpidthemes.com/Themeforest/cruise-demo/light/assets/css/owl.carousel.css]
[limpidthemes.com/Themeforest/cruise-demo/light/assets/css/owl-carousel-theme.css]
[limpidthemes.com/Themeforest/cruise-demo/light/assets/fonts/glyphicons-halflings-regular.eot]
[limpidthemes.com/Themeforest/cruise-demo/light/assets/fonts/glyphicons-halflings-regulard41d.eot]
[limpidthemes.com/Themeforest/cruise-demo/light/assets/fonts/glyphicons-halflings-regular.woff2]
[limpidthemes.com/Themeforest/cruise-demo/light/assets/fonts/glyphicons-halflings-regular.woff]
[limpidthemes.com/Themeforest/cruise-demo/light/assets/fonts/glyphicons-halflings-regular.ttf]
[limpidthemes.com/Themeforest/cruise-demo/light/assets/fonts/glyphicons-halflings-regular.svg]
[limpidthemes.com/Themeforest/cruise-demo/light/assets/css/bootstrap.min.css]
[limpidthemes.com/Themeforest/cruise-demo/light/assets/css/fonts/flexslider-icon.eot]
[limpidthemes.com/Themeforest/cruise-demo/light/assets/css/fonts/flexslider-icond41d.eot]
[limpidthemes.com/Themeforest/cruise-demo/light/assets/css/fonts/flexslider-icon.woff]
[limpidthemes.com/Themeforest/cruise-demo/light/assets/css/fonts/flexslider-icon.ttf]
[limpidthemes.com/Themeforest/cruise-demo/light/assets/css/fonts/flexslider-icon.svg]
[limpidthemes.com/Themeforest/cruise-demo/light/assets/css/flexslider.css]
[limpidthemes.com/Themeforest/cruise-demo/light/assets/images/bg-image2.jpg]
[limpidthemes.com/Themeforest/cruise-demo/light/assets/images/bg-image9.jpg]
[limpidthemes.com/Themeforest/cruise-demo/light/assets/images/bg-image10.jpg]
[limpidthemes.com/Themeforest/cruise-demo/light/assets/images/plane.jpg]
[limpidthemes.com/Themeforest/cruise-demo/light/assets/images/bg-image11.jpg]
[limpidthemes.com/Themeforest/cruise-demo/light/assets/images/holiday-slide5.jpg]
[limpidthemes.com/Themeforest/cruise-demo/light/assets/images/bg-image12.jpg]
[limpidthemes.com/Themeforest/cruise-demo/light/assets/images/hotel-slide4.jpg]
[limpidthemes.com/Themeforest/cruise-demo/light/assets/images/bg-image13.jpg]
[limpidthemes.com/Themeforest/cruise-demo/light/assets/images/cruise.jpg]
[limpidthemes.com/Themeforest/cruise-demo/light/assets/images/bg-image16.jpg]
[limpidthemes.com/Themeforest/cruise-demo/light/assets/images/hotel-bg.jpg]
[limpidthemes.com/Themeforest/cruise-demo/light/assets/images/pattern.jpg]
[limpidthemes.com/Themeforest/cruise-demo/light/assets/images/holiday-slide2.jpg]
[limpidthemes.com/Themeforest/cruise-demo/light/assets/images/bg-image4.jpg]
[limpidthemes.com/Themeforest/cruise-demo/light/assets/css/style.css]
[limpidthemes.com/Themeforest/cruise-demo/light/assets/css/dummy.html]
[limpidthemes.com/Themeforest/cruise-demo/light/assets/font-awesome/fonts/fontawesome-webfonte0a5.eot]
[limpidthemes.com/Themeforest/cruise-demo/light/assets/font-awesome/fonts/fontawesome-webfontd41d.eot]
[limpidthemes.com/Themeforest/cruise-demo/light/assets/font-awesome/fonts/fontawesome-webfonte0a5.woff2]
[limpidthemes.com/Themeforest/cruise-demo/light/assets/font-awesome/fonts/fontawesome-webfonte0a5.woff]
[limpidthemes.com/Themeforest/cruise-demo/light/assets/font-awesome/fonts/fontawesome-webfonte0a5.ttf]
[limpidthemes.com/Themeforest/cruise-demo/light/assets/font-awesome/css/font-awesome.min.css]
[limpidthemes.com/Themeforest/cruise-demo/light/assets/css/light.css]
[limpidthemes.com/Themeforest/cruise-demo/light/assets/css/color/green.css]
[limpidthemes.com/Themeforest/cruise-demo/light/assets/css/color/light-green.css]
[limpidthemes.com/Themeforest/cruise-demo/light/assets/css/color/blue.css]
[limpidthemes.com/Themeforest/cruise-demo/light/assets/css/color/brown.css]
[limpidthemes.com/Themeforest/cruise-demo/light/assets/css/color/purple.css]
[limpidthemes.com/Themeforest/cruise-demo/light/assets/css/color/orange.css]
[limpidthemes.com/Themeforest/cruise-demo/light/assets/css/color/yellow.css]
[limpidthemes.com/Themeforest/cruise-demo/light/assets/images/tour10.jpg]
[limpidthemes.com/Themeforest/cruise-demo/light/index-2.html]
[limpidthemes.com/Themeforest/cruise-demo/light/assets/images/holiday-slide3.jpg]
[limpidthemes.com/Themeforest/cruise-demo/light/assets/images/hotel-slide.jpg]
[limpidthemes.com/Themeforest/cruise-demo/light/assets/images/holiday-slide4.jpg]
[limpidthemes.com/Themeforest/cruise-demo/light/index-3.html]
[limpidthemes.com/Themeforest/cruise-demo/light/assets/images/car11.jpg]
[limpidthemes.com/Themeforest/cruise-demo/light/index-4.html]
[limpidthemes.com/Themeforest/cruise-demo/light/index-5.html]
[limpidthemes.com/Themeforest/cruise-demo/light/hotel.html]
[limpidthemes.com/Themeforest/cruise-demo/light/hotel-list.html]
[limpidthemes.com/Themeforest/cruise-demo/light/hotel-grid.html]
[limpidthemes.com/Themeforest/cruise-demo/light/hotel-booking.html]
[limpidthemes.com/Themeforest/cruise-demo/light/hotel-booking-2.html]
[limpidthemes.com/Themeforest/cruise-demo/light/assets/images/hotel-slide1.jpg]
[limpidthemes.com/Themeforest/cruise-demo/light/assets/images/hotel-slide2.jpg]
[limpidthemes.com/Themeforest/cruise-demo/light/assets/images/hotel-thumb.jpg]
[limpidthemes.com/Themeforest/cruise-demo/light/assets/images/hotel-thumb1.jpg]
[limpidthemes.com/Themeforest/cruise-demo/light/assets/images/hotel-thumb2.jpg]
[limpidthemes.com/Themeforest/cruise-demo/light/assets/images/user1.jpg]
[limpidthemes.com/Themeforest/cruise-demo/light/assets/plugins/jquery.flexslider-min.js]
[limpidthemes.com/Themeforest/cruise-demo/light/hotel-detailed-3.html]
[limpidthemes.com/Themeforest/cruise-demo/light/hotel-detailed.html]
[limpidthemes.com/Themeforest/cruise-demo/light/flight.html]
[limpidthemes.com/Themeforest/cruise-demo/light/assets/images/airline/vistara-2x.png]
[limpidthemes.com/Themeforest/cruise-demo/light/assets/images/airline/indigo-2x.png]
[limpidthemes.com/Themeforest/cruise-demo/light/assets/images/airline/spicejet-2x.png]
[limpidthemes.com/Themeforest/cruise-demo/light/assets/images/airline/jet-2x.png]
[limpidthemes.com/Themeforest/cruise-demo/light/flight-list-2.html]
[limpidthemes.com/Themeforest/cruise-demo/light/flight-list.html]
[limpidthemes.com/Themeforest/cruise-demo/light/flight-booking.html]
[limpidthemes.com/Themeforest/cruise-demo/light/assets/images/tour2.jpg]
[limpidthemes.com/Themeforest/cruise-demo/light/holiday.html]
[limpidthemes.com/Themeforest/cruise-demo/light/holidays-list.html]
[limpidthemes.com/Themeforest/cruise-demo/light/holidays-grid.html]
[limpidthemes.com/Themeforest/cruise-demo/light/holidays-grid-2.html]
[limpidthemes.com/Themeforest/cruise-demo/light/assets/images/slide15.jpg]
[limpidthemes.com/Themeforest/cruise-demo/light/assets/images/holiday-thumb3.jpg]
[limpidthemes.com/Themeforest/cruise-demo/light/assets/images/holiday-thumb4.jpg]
[limpidthemes.com/Themeforest/cruise-demo/light/assets/images/holiday-thumb5.jpg]
[limpidthemes.com/Themeforest/cruise-demo/light/holiday-detail-2.html]
[limpidthemes.com/Themeforest/cruise-demo/light/holiday-detail.html]
[limpidthemes.com/Themeforest/cruise-demo/light/holiday-booking.html]
[limpidthemes.com/Themeforest/cruise-demo/light/holiday-booking-2.html]
[limpidthemes.com/Themeforest/cruise-demo/light/assets/images/car10.jpg]
[limpidthemes.com/Themeforest/cruise-demo/light/assets/images/car12.jpg]
[limpidthemes.com/Themeforest/cruise-demo/light/assets/images/car13.jpg]
[limpidthemes.com/Themeforest/cruise-demo/light/car.html]
[limpidthemes.com/Themeforest/cruise-demo/light/assets/images/car14.jpg]
[limpidthemes.com/Themeforest/cruise-demo/light/car-grid-3.html]
[limpidthemes.com/Themeforest/cruise-demo/light/car-list.html]
[limpidthemes.com/Themeforest/cruise-demo/light/assets/images/car-slide2.jpg]
[limpidthemes.com/Themeforest/cruise-demo/light/assets/images/car-slide1.jpg]
[limpidthemes.com/Themeforest/cruise-demo/light/assets/images/car-gallery2.jpg]
[limpidthemes.com/Themeforest/cruise-demo/light/assets/images/car-gallery.jpg]
[limpidthemes.com/Themeforest/cruise-demo/light/assets/images/car-gallery1.jpg]
[limpidthemes.com/Themeforest/cruise-demo/light/assets/images/car-thumb2.jpg]
[limpidthemes.com/Themeforest/cruise-demo/light/assets/images/car-thumb3.jpg]
[limpidthemes.com/Themeforest/cruise-demo/light/assets/images/car-thumb4.jpg]
[limpidthemes.com/Themeforest/cruise-demo/light/assets/images/car-thumb.jpg]
[limpidthemes.com/Themeforest/cruise-demo/light/assets/images/car-thumb1.jpg]
[limpidthemes.com/Themeforest/cruise-demo/light/car-detailed-2.html]
[limpidthemes.com/Themeforest/cruise-demo/light/car-detailed.html]
[limpidthemes.com/Themeforest/cruise-demo/light/assets/images/cruise3.jpg]
[limpidthemes.com/Themeforest/cruise-demo/light/assets/images/cruise1.jpg]
[limpidthemes.com/Themeforest/cruise-demo/light/assets/images/cruise2.jpg]
[limpidthemes.com/Themeforest/cruise-demo/light/cruise.html]
[limpidthemes.com/Themeforest/cruise-demo/light/cruise-list.html]
[limpidthemes.com/Themeforest/cruise-demo/light/assets/images/cruise-slide1.jpg]
[limpidthemes.com/Themeforest/cruise-demo/light/assets/images/cruise-slide.jpg]
[limpidthemes.com/Themeforest/cruise-demo/light/assets/images/cruise-thumb.jpg]
[limpidthemes.com/Themeforest/cruise-demo/light/assets/images/cruise-thumb1.jpg]
[limpidthemes.com/Themeforest/cruise-demo/light/assets/images/cruise-thumb2.jpg]
[limpidthemes.com/Themeforest/cruise-demo/light/cruise-detail-2.html]
[limpidthemes.com/Themeforest/cruise-demo/light/cruise-detail.html]
[limpidthemes.com/Themeforest/cruise-demo/light/assets/images/blog2.jpg]
[limpidthemes.com/Themeforest/cruise-demo/light/assets/images/blog1.jpg]
[limpidthemes.com/Themeforest/cruise-demo/light/blog-right-sidebar.html]
[limpidthemes.com/Themeforest/cruise-demo/light/blog-left-sidebar.html]
[limpidthemes.com/Themeforest/cruise-demo/light/assets/images/blog-bg-1.jpg]
[limpidthemes.com/Themeforest/cruise-demo/light/assets/images/blog-bg-2.jpg]
[limpidthemes.com/Themeforest/cruise-demo/light/blog-full-width.html]
[limpidthemes.com/Themeforest/cruise-demo/light/single-right-sidebar.html]
[limpidthemes.com/Themeforest/cruise-demo/light/single-left-sidebar.html]
[limpidthemes.com/Themeforest/cruise-demo/light/single-full-width.html]
[limpidthemes.com/Themeforest/cruise-demo/light/assets/plugins/jquery.plugin.min.js]
[limpidthemes.com/Themeforest/cruise-demo/light/assets/plugins/jquery.countdown.min.js]
[limpidthemes.com/Themeforest/cruise-demo/light/coming-soon.html]
[limpidthemes.com/Themeforest/cruise-demo/light/404.html]
[limpidthemes.com/Themeforest/cruise-demo/light/404-2.html]
[limpidthemes.com/Themeforest/cruise-demo/light/loading.html]
[limpidthemes.com/Themeforest/cruise-demo/light/assets/plugins/jquery.magnific-popup.min.js]
[limpidthemes.com/Themeforest/cruise-demo/light/login.html]
[limpidthemes.com/Themeforest/cruise-demo/light/elements.html]
[limpidthemes.com/Themeforest/cruise-demo/light/thank-you.html]
[limpidthemes.com/Themeforest/cruise-demo/light/user-profile.html]
[limpidthemes.com/Themeforest/cruise-demo/light/gallery-3column.html]
[limpidthemes.com/Themeforest/cruise-demo/light/gallery-4column.html]
[limpidthemes.com/Themeforest/cruise-demo/light/assets/images/hotel-slide5.jpg]
[limpidthemes.com/Themeforest/cruise-demo/light/assets/images/team.jpg]
[limpidthemes.com/Themeforest/cruise-demo/light/assets/images/team2.jpg]
[limpidthemes.com/Themeforest/cruise-demo/light/assets/images/team3.jpg]
[limpidthemes.com/Themeforest/cruise-demo/light/assets/images/partner/3docean.png]
[limpidthemes.com/Themeforest/cruise-demo/light/assets/images/partner/photodune.png]
[limpidthemes.com/Themeforest/cruise-demo/light/assets/images/partner/themeforest.png]
[limpidthemes.com/Themeforest/cruise-demo/light/assets/images/partner/graphicriver.png]
[limpidthemes.com/Themeforest/cruise-demo/light/about-us.html]
[limpidthemes.com/Themeforest/cruise-demo/light/contact-us.html]
[limpidthemes.com/Themeforest/cruise-demo/light/assets/images/offer2.jpg]
[limpidthemes.com/Themeforest/cruise-demo/light/assets/js/jquery-ui.min.js]
[limpidthemes.com/Themeforest/cruise-demo/light/assets/css/owl.video.play.html]
[limpidthemes.com/Themeforest/cruise-demo/light/assets/fonts/glyphicons-halflings-regular.html]
[limpidthemes.com/Themeforest/cruise-demo/light/assets/fonts/glyphicons-halflings-regulard41d.html]
[limpidthemes.com/Themeforest/cruise-demo/light/assets/fonts/glyphicons-halflings-regular-2.html]
[limpidthemes.com/Themeforest/cruise-demo/light/assets/fonts/glyphicons-halflings-regular-3.html]
[limpidthemes.com/Themeforest/cruise-demo/light/assets/fonts/glyphicons-halflings-regular-4.html]
[limpidthemes.com/Themeforest/cruise-demo/light/assets/fonts/glyphicons-halflings-regular-5.html]
[limpidthemes.com/Themeforest/cruise-demo/light/assets/css/fonts/flexslider-icon.html]
[limpidthemes.com/Themeforest/cruise-demo/light/assets/css/fonts/flexslider-icond41d.html]
[limpidthemes.com/Themeforest/cruise-demo/light/assets/css/fonts/flexslider-icon-2.html]
[limpidthemes.com/Themeforest/cruise-demo/light/assets/css/fonts/flexslider-icon-3.html]
[limpidthemes.com/Themeforest/cruise-demo/light/assets/css/fonts/flexslider-icon-4.html]
[limpidthemes.com/Themeforest/cruise-demo/light/assets/images/bg-image2.jpg]
[limpidthemes.com/Themeforest/cruise-demo/light/assets/images/bg-image9.jpg]
[limpidthemes.com/Themeforest/cruise-demo/light/assets/images/bg-image11.jpg]
[limpidthemes.com/Themeforest/cruise-demo/light/assets/images/bg-image12.jpg]
[limpidthemes.com/Themeforest/cruise-demo/light/assets/images/bg-image16.jpg]
[limpidthemes.com/Themeforest/cruise-demo/light/assets/images/hotel-bg.jpg]
[limpidthemes.com/Themeforest/cruise-demo/light/assets/images/pattern.jpg]
[limpidthemes.com/Themeforest/cruise-demo/light/assets/images/bg-image4.jpg]
[limpidthemes.com/Themeforest/cruise-demo/light/assets/font-awesome/fonts/fontawesome-webfonte0a5.svg]
[limpidthemes.com/Themeforest/cruise-demo/light/assets/images/tour10.jpg]
[limpidthemes.com/Themeforest/cruise-demo/light/assets/images/hotel-slide.jpg]
[limpidthemes.com/Themeforest/cruise-demo/light/assets/images/car-slide2.jpg]
[limpidthemes.com/Themeforest/cruise-demo/light/assets/images/car-gallery2.jpg]
[limpidthemes.com/Themeforest/cruise-demo/light/assets/images/car-gallery.jpg]
[limpidthemes.com/Themeforest/cruise-demo/light/assets/images/cruise-slide1.jpg]
[limpidthemes.com/Themeforest/cruise-demo/light/assets/images/cruise-slide.jpg]
[limpidthemes.com/Themeforest/cruise-demo/light/assets/images/blog2.jpg]
[limpidthemes.com/Themeforest/cruise-demo/light/assets/css/magnific-popup.css]
